facebook{facebook,social}
fb.com{facebook,social}
fbcdn{facebook,social}
whatsapp{whatsapp,social}
qq.com{qq,social}
wechat{wechat,social}
qzone{qzone,social}
tumblr{tumblr,social}
instagram{instagram,social}
twitter{twitter,social}
plus.google.com{google+,social}
baidu.com{baidu,social}
skype{skype,social}
viber{viber,social}
sina.com{sina weibo,social}
line.me{line,social}
snapchat{snapchat,social}
yy.com{yy,social}
vkontakte{vkontakte,social}
pinterest{pinterest,social}
linkedin{linkedin,social}
telegram{telegram,social}
reddit{reddit,social}
taringa{taringa,social}
foursquare{foursquare,social}
renren{renren,social}
tagged{tagged,social}
badoo{badoo,social}
myspace{myspace,social}
stumbleupon{stumbleupon,social}
the-dots.com{the-dots,social}
kiwibox{kiwibox,social}
skyrock{skyrock,social}
delicious{delicious,social}
snapfish{snapfish,social}
reverbnation{reverbnation,social}
flixster{flixster,social}
care2{care2,social}
cafemom{cafemom,social}
ravelry{ravelry,social}
nextdoor{nextdoor,social}
wayn{wayn,social}
cellufun{cellufun,social}
youtube{youtube,social}
vine{vine,social}
classmates{classmates,social}
myheritage{myheritage,social}
viadeo{viadeo,social}
xing{xing,social}
xanga{xanga,social}
livejournal{livejournal,social}
friendster{friendster,social}
funnyordie{funnyordie,social}
gaiaonline{gaiaonline,social}
weheartit{weheartit,social}
buzznet{buzznet,social}
deviantart{deviantart,social}
flickr{flickr,social}
meetme{meetme,social}
meetup{meetup,social}
tout.com{tout,social}
mixi.co{mixi,social}
douban.{douban,social}
vero.{vero,social}
wuora.{wuora,social}



flipkart{flipkart,shopping}
amazon{amazon,shopping}
infibeam.com{infibeam,shopping}
ebay.in{ebay,shopping}
shopping.indiatimes.com{indiatimes,shopping}
shopping.rediff.com{rediff,shopping}
futurebazaar.com{futurebazaar,shopping}
homeshop18.com{homeshop18,shopping}
yebhi.com{yebhi,shopping}
univercell.in{univercell,shopping}
techshop.in{techshop,shopping}
smartshoppers.in{smartshoppers,shopping}
lynx-india.com{lynx-india,shopping}
mediahome.in{mediahome,shopping}
themobilestore.in{themobilestore,shopping}
timtara.com{timtara,shopping}
primeabgb.com{primeabgb,shopping}
deltapage.com{deltapage,shopping}
bigadda.com{bigadda,shopping}
bitfang.com{bitfang,shopping}
pristinenote.com{pristinenote,shopping}
theitwares.com{theitwares,shopping}
adexmart.com{adexmart,shopping}
zoomin.com{zoomin,shopping}
ratetag.com{ratetag,shopping}
edigiworld.com{edigiworld,shopping}
buytheprice.com{buytheprice,shopping}
computerwarehousepricelist.com{computerwarehousepricelist,shopping}
cromaretail.com{cromaretail,shopping}
ezoneonline.in{ezoneonline,shopping}
gadgets.in{gadgets,shopping}
gadgetsguru.com{gadgetsguru,shopping}
letsshop.in{letsshop,shopping}
next.co{next,shopping}
rightshopping{rightshopping,shopping}
shopbychoice.com{shopbychoice,shopping}
royalimages.in{royalimages,shopping}
smcinternational.in{smcinternational,shopping}
storeji.com{storeji,shopping}
theelectro.com{theelectro,shopping}
machpowertools.com{machpowertools,shopping}
theitdepot.com{theitdepot,shopping}
vijaysales.com{vijaysales,shopping}
zapstore.com{zapstore,shopping}
tradus.com{tradus,shopping}
egully.com{egully,shopping}
indiaplaza.com{indiaplaza,shopping}
bigcmobiles.in{bigcmobiles,shopping}
seventymm.com{seventymm,shopping}
jjmehta.com{jjmehta,shopping}

 

slideshare.net{slideshare,fileshare}
openload.co{openload,fileshare}
wetransfer.com{wetransfer,fileshare}
mediafire.com{mediafire,fileshare}
dropbox.com{dropbox,fileshare}
imgur.com{imgur,fileshare}
clicknupload.org{clicknupload,fileshare}
indishare.me{indishare,fileshare}
streamango.com{streamango,fileshare}
unsplash.com{unsplash,fileshare}
zippyshare.com{zippyshare,fileshare}
taleo.net{taleo,fileshare}
4shared.com{4shared,fileshare}
uptobox.com{uptobox,fileshare}
desiupload.in{desiupload,fileshare}
santabanta.com{santabanta,fileshare}
9xupload.me{9xupload,fileshare}
userscloud.com{userscloud,fileshare}
fontawesome.com{fontawesome,fileshare}
mega.nz{mega,fileshare}


icbc.com{i&cbc,banking}
ccb.com{ccb,banking}
abchina.com{abchina,banking}
boc.cn{boc,banking}
mufg.jp{mufjfgj,banking}
jpmorganchase.com{jpmorgan,banking}
hsbc.com{hsbc,banking}
mabanque.bnpparibas{mabanque,banking}
bankofamerica.com{bankofamerica,banking}
cdb.com.cn{cdb,banking}
credit-agricole.com{credit-agricole,banking}
wellsfargo.com{wellsfargo,banking}
jp-bank.japanpost.jp{jp-bank,banking}
mizuho-fg.com{mizuho-fg,banking}
smfg.co.jp{smfg,banking}
citigroup.com{citigroup,banking}
db.com{db,banking}
santander.com{santander,banking}
barclays.co.uk{barclays,banking}
societegenerale.fr{societegenerale,banking}
groupebpce.fr{groupebpce,banking}
bankcomm.com{bankcomm,banking}
psbc.com{psbc,banking}
lloydsbankinggroup.com{lloydsbankinggroup,banking}
rbcroyalbank.com{rbcroyalbank,banking}
ing.com{ing,banking}
td.com{td,banking}
nochubank.or.jp{nochubank,banking}
unicreditgroup.eu{unicreditgroup,banking}
rbs.com{rbs,banking}
cib.com.cn{cib,banking}
english.cmbchina.com{english,banking}
intesasanpaolo.com{intesasanpaolo,banking}
creditmutuel.fr{creditmutuel,banking}
ubs.com{ubs,banking}
eng.spdb.com.cn{spdb,banking}
goldmansachs.com{goldmansachs,banking}
abchina.com{abchina,banking}
en.cmbc.com.cn{cmbc,banking}
morganstanley.com{morganstanley,banking}
cncbinternational.com{cncbinternational,banking}
bbva.es{bbva,banking}
credit-suisse.com{credit-suisse,banking}
scotiabank.com{scotiabank,banking}
commbank.com.au{commbank,banking}
rabobank.com{rabobank,banking}
anz.com{anz,banking}
nordea.com{nordea,banking}
eib.org{eib,banking}
westpac.com.au{westpac,banking}
sc.com{sc,banking}
nab.com.au{nab,banking}
cebbank.com{cebbank,banking}
dzbank.com{dzbank,banking}
bmo.com{bmo,banking}
smth.jp{smth,banking}
danskebank.dk{danskebank,banking}
kfw.de{kfw,banking}
commerzbank{commerzbank,banking}
onlinesbi.com{onlinesbi,banking}
en.cdp.it{cdp,banking}
english.eximbank.gov.cn{eximbank,banking}
cibc.com{cibc,banking}
bank.pingan.com{pingan,banking}
abnamro.com{abnamro,banking}
sberbank.ru{sberbank,banking}
usbank.com{usbank,banking}
caixabank.es{caixabank,banking}
itau.com.br{itau,banking}
resona-gr.co.jp{resona-gr,banking}
bb.com.br{bb,banking}
kbfg.com{kbfg,banking}
shinhangroup.com{shinhangroup,banking}
nomura.com{nomura,banking}
dbs.com{dbs,banking}
caixa.gov.br{caixa,banking}
pnc.com{pnc,banking}
hxb.com.cn{hxb,banking}
bnymellon.com{bnymellon,banking}
shinkin-central-bank.jp{shinkin-central-bank,banking}
capitalone.com{capitalone,banking}
banco.bradesco{banco,banking}
kbc.com{kbc,banking}
bankofbeijing.com.cn{bankofbeijing,banking}
ocbc.com{ocbc,banking}
hanafn.com{hanafn,banking}
handelsbanken.se{handelsbanken,banking}
nhfngroup.com{nhfngroup,banking}
wooribank.com{wooribank,banking}
dnb.no{dnb,banking}
cgbchina.com.cn{cgbchina,banking}
sebgroup.com{sebgroup,banking}
nationwide.co.uk{nationwide,banking}
cathayholdings.com{cathayholdings,banking}
lbbw.de{lbbw,banking}
labanquepostale.fr{labanquepostale,banking}
bankofshanghai.com{bankofshanghai,banking}
swedbank.se{swedbank,banking}
uob.com.sg{uob,banking}
jsbchina.cn{jsbchina,banking}
bancsabadell.com{bancsabadell,banking}
bayernlb.com{bayernlb,banking}
erstegroup.com{erstegroup,banking}
bndes.gov.br{bndes,banking}
ibk.co.kr{ibk,banking}
bankia.com{bankia,banking}
schwab.com{schwab,banking}
dexia.com{dexia,banking}
statestreet.com{statestreet,banking}
raiffeisen.ch{raiffeisen,banking}
nykredit.com{nykredit,banking}
fubon.com{fubon,banking}
vtb.com{vtb,banking}
czbank.com{czbank,banking}
bbt.com{bbt,banking}
qnb.com{qnb,banking}
nbc.ca{nbc,banking}
suntrust.com{suntrust,banking}
kdb.co.kr{kdb,banking}



makemytrip{makemytrip,travel}
goibibo{goibibo,travel}
booking.com{booking,travel}
agoda{agoda,travel}
expedia{expedia,travel}
tripadvisor{tripadvisor,travel}
ixigo{ixigo,travel}
oyorooms{oyo,travel}
yatra{yatra,travel}
trivago{trivago,travel}
hotels.com{hotels,travel}
cleartrip{cleartrip,travel}
travelguru.com{travelguru,travel}
hotelscombined{hotelscombined,travel}
hotels-scanner{hotels-scanner,travel}
priceline{priceline,travel}
hotels{hotels,travel}
travelocity{travelocity,travel}
hostelworld{hostelworld,travel}
orbitz{orbitz,travel}
hoteltonight{hoteltonight,travel}
hotelscompare{hotelscompare,travel}


aegeanair.com{aegeanair,airlines}
aerlingus.com{aerlingus,airlines}
aeroflot.ru{aeroflot,airlines}
aerolineas.com.ar{aerolineas,airlines}
aeromexico.com{aeromexico,airlines}
air-austral.com{air-austral,airlines}
aircanada.com{aircanada,airlines}
airchina.com{airchina,airlines}
aireuropa.com{aireuropa,airlines}
airfrance.com{airfrance,airlines}
airindia.com{airindia,airlines}
airindiaexpress.in{airindiaexpress,airlines}
airitaly.com{airitaly,airlines}
airnewzealand.co.nz{airnewzealand,airlines}
airserbia.com{airserbia,airlines}
airtahitinui.com{airtahitinui,airlines}
airtransat.com{airtransat,airlines}
airvanuatu.com{airvanuatu,airlines}
airasia.com{airasia,airlines}
airasiax.com{airasia X,airlines}
alaskaair.com{alaskaair Airlines,airlines}
alitalia.com{alitalia,airlines}
allegiantair.com{allegiantair,airlines}
aa.com{americanairlines,airlines}
ana.co.jp{ana,airlines}
flyasiana.com{flyasiana,airlines}
atlasglb.com{atlasglb,airlines}
austrian.com{austrian,airlines}
avianca.com{avianca,airlines}
azal.az{azal,airlines}
voeazul.com.br{voeazul,airlines}
bangkokair.com{bangkokair,airlines}
flybmi.com{flybmi,airlines}
britishairways.com{britishairways,airlines}
brusselsairlines.com{brusselsairlines,airlines}
cathaypacific.com{cathaypacific,airlines}
cebupacificair.com{cebupacificair,airlines}
china-airlines.com{china-airlines,airlines}
flychinaeastern.com{flychinaeastern,airlines}
global.csair.com{global,airlines}
condor.com{condor,airlines}
copaair.com{copaair,airlines}
croatiaairlines.com{croatiaairlines,airlines}
czechairlines.com{czechairlines,airlines}
delta.com{delta,airlines}
cathaypacific{cathaypacific,airlines}
easyjet.com{easyJet,airlines}
flyedelweiss.com{flyedelweiss,airlines}
egyptair.com{egyptair,airlines}
elal.com{elal,airlines}
emirates.com{emirates,airlines}
ethiopianairlines.com{ethiopianairlines,airlines}
etihad.com{etihad,airlines}
eurowings.com{eurowings,airlines}
evaair.com{evaair,airlines}
fijiairways.com{fijiairways,airlines}
finnair.com{finnair,airlines}
flybe.com{flybe,airlines}
flydubai.com{flydubai,airlines}
flyone.md{flyone,airlines}
frenchbee.com{frenchbee,airlines}
flyfrontier.com{flyfrontier,airlines}
garuda-indonesia.com{garuda-indonesia,airlines}
voegol.com.br{voegol,airlines}
gulfair.com{gulfair,airlines}
hainanairlines.com{hainanairlines,airlines}
hawaiianairlines.com{hawaiianairlines,airlines}
hongkongairlines.com{hongkongairlines,airlines}
iberia.com{iberia,airlines}
icelandair.us{icelandair,airlines}
goindigo.in{indigo,airlines}
interjet.com{interjet,airlines}
jal.com{jal,airlines}
jejuair.net{jejuair,airlines}
jetairways.com{jetairways,airlines}
jet2.com{jet2,airlines}
jetblue.com{jetblue,airlines}
jetstar.com{jetstar,airlines}
kenya-airways.com{kenya-airways,airlines}
klm.com{KLM,airlines}
koreanair.com{koreanair,airlines}
lacompagnie.com{lacompagnie,airlines}
latam.com{latam,airlines}
lionair.co.id{lionair,airlines}
lot.com{lot,airlines}
lufthansa.com{lufthansa,airlines}
malaysiaairlines.com{malaysiaairlines,airlines}
mea.com.lb{mea,airlines}
nokair.com{nokair,airlines}
nordwindairlines.ru{nordwindairlines,airlines}
norwegian.com{norwegian,airlines}
omanair.com{omanair,airlines}
flyopenskies.com{flyopenskies,airlines}
piac.com.pk{piac,airlines}
flypeach.com{flypeach,airlines}
flypgs.com{flypgs,airlines}
philippineairlines.com{philippineairlines,airlines}
flyporter.com{flyporter,airlines}
primeraair.com{primeraair,airlines}
qantas.com{qantas,airlines}
qatarairways.com{qatarairways,airlines}
rex.com.au{rex,airlines}
royalairmaroc.com{royalairmaroc,airlines}
flyroyalbrunei.com{flyroyalbrunei,airlines}
rj.com{rj,airlines}
ryanair.com{ryanair,airlines}
s7.ru{s7,airlines}
flysas.com{flysas,airlines}
saudia.com{saudia,airlines}
flyscoot.com{flyscoot,airlines}
silkair.com{silkair,airlines}
singaporeair.com{singaporeair,airlines} 
flysaa.com{flysaa,airlines}
southwest.com{southwest,airlines}
spicejet.com{spicejet,airlines}
spirit.com{spirit,airlines}
en.ch.com{spring-airlines,airlines}
jp.ch.com{spring-japan,airlines}
srilankan.com{sriLankan-airlines,airlines}
suncountry.com{suncountry,airlines}
swiss.com{swiss,airlines}
taca.alternativeairlines.com{taca,airlines}
lytap.com{tap-portugal,airlines}
thaiairways.com{thaiairways,airlines}
thomascookairlines.com{thomascookairlines,airlines}
tui.co.uk{thomson,airlines}
tigerair.com.au{tigerair,airlines}
transavia.com{transavia,airlines}
tuifly.com{tuifly,airlines}
tunisair.com{tunisair,airlines}
turkishairlines.com{turkishairlines,airlines}
flyuia.com{flyuia,airlines}
united.com{united,airlines}
utair.ru{utair,airlines}
vanilla-air.com{vanilla-air,airlines}
vietnamairlines.com{vietnamairlines,airlines}
virginamerica.com{virginamerica,airlines}
virginatlantic.com{virginatlantic,airlines}
virginaustralia.com{virginaustralia,airlines}
airvistara.com{airvistara,airlines}
volaris.com{volaris,airlines}
volotea.com{volotea,airlines}
vueling.com{vueling,airlines}
westjet.com{westjet,airlines}
wizzair.com{wizzair,airlines}
wowair.us{wowair,airlines}
xiamenair.com{xiamenair,airlines}


starcraft{starcraft,game}
opensignal{opensignal,testing}
99app{99taxi,travel}
globo{globotv,entertainment}
deezer{deezer,entertainment}
twitch{teitch,social}
ciscowebex{webex,communication}
icloud{icloud,cloudstorage}
tuenti{tuenti,social}
sap.com{sap,application}
quest{remotescan,remoteapp}
spotify{spotify,social}
torproject{tor,vpn}
icecast{icecast,streamingapp}
pptv.com{pplive,entertainment}
pps.tv{ppstreaming,streamingapp}
zatto{zatto,entertainment}
shoutcast{shoutcast,streamingapp}
sopcast{sopcast,entertainment}
tuvnetworks{tuvplayer,streamingapp}
soulseekqt{soulseek,peer-to-peer}
gadu-gadu{gadu-gadu,social}
truphone{truphone,communication}
armagetronad{armagetron,game}
crossfire{crossfire,game}
dofus{dofus,game}
fiesta{fiesta,game}
guildwars{guildwars,game}
maplestory{maplestory,game}
socratic{socrates,application}
vmware{vmware,software}
filetopia{filetopia,peer-to-peer}
mpeg{mpeg,audio}
usenet{usenet,social}
nflxext{netflix,entertainment}
citrix{citrix,company}
gotomeeting{gotomeeting,communucation}
apple{apple,company}
bittorrent{bittorrent,peer-to-peer}
oraclecloud{oracle,company}
cnn.com{cnn,news}
wikipedia{wikipedia,encyclopedia}
oscar{oscar,entertainment}
yahoo{yahoo,webservices}
battlefield{battlefield,game}
quake{quake,game}
worldofwarcraft{worldofwarcraft,game}
warcraft{warcraft,game}
worldofkungfu{worldofkungfu,game}
meebo{meebo,social}
mail.google{gmail,email}
maps.google{googlemaps,webservices}
